// Jest Snapshot v1, https://goo.gl/fbAQLP

exports[`Movies component Should render Movies 1`] = `
ShallowWrapper {
  "length": 1,
  Symbol(enzyme.__root__): [Circular],
  Symbol(enzyme.__unrendered__): <Movies />,
  Symbol(enzyme.__renderer__): Object {
    "batchedUpdates": [Function],
    "getNode": [Function],
    "render": [Function],
    "simulateEvent": [Function],
    "unmount": [Function],
  },
  Symbol(enzyme.__node__): Object {
    "instance": null,
    "key": undefined,
    "nodeType": "function",
    "props": Object {
      "as": "table",
      "children": Array [
        <TableHeader
          as="thead"
        >
          <TableRow
            as="tr"
            cellAs="td"
          >
            <TableHeaderCell
              as="th"
              onClick={[Function]}
              sorted={null}
              width={4}
            >
              Title
            </TableHeaderCell>
            <TableHeaderCell
              as="th"
              onClick={[Function]}
              sorted={null}
              width={3}
            >
              TMDB Rating
            </TableHeaderCell>
            <TableHeaderCell
              as="th"
              onClick={[Function]}
              sorted={null}
              width={2}
            >
              Release Date
            </TableHeaderCell>
          </TableRow>
        </TableHeader>,
        <TableBody
          as="tbody"
        />,
      ],
      "fixed": true,
      "selectable": true,
      "singleLine": true,
      "sortable": true,
      "striped": true,
    },
    "ref": null,
    "rendered": Array [
      Object {
        "instance": null,
        "key": undefined,
        "nodeType": "function",
        "props": Object {
          "as": "thead",
          "children": <TableRow
            as="tr"
            cellAs="td"
          >
            <TableHeaderCell
              as="th"
              onClick={[Function]}
              sorted={null}
              width={4}
            >
              Title
            </TableHeaderCell>
            <TableHeaderCell
              as="th"
              onClick={[Function]}
              sorted={null}
              width={3}
            >
              TMDB Rating
            </TableHeaderCell>
            <TableHeaderCell
              as="th"
              onClick={[Function]}
              sorted={null}
              width={2}
            >
              Release Date
            </TableHeaderCell>
          </TableRow>,
        },
        "ref": null,
        "rendered": Object {
          "instance": null,
          "key": undefined,
          "nodeType": "function",
          "props": Object {
            "as": "tr",
            "cellAs": "td",
            "children": Array [
              <TableHeaderCell
                as="th"
                onClick={[Function]}
                sorted={null}
                width={4}
              >
                Title
              </TableHeaderCell>,
              <TableHeaderCell
                as="th"
                onClick={[Function]}
                sorted={null}
                width={3}
              >
                TMDB Rating
              </TableHeaderCell>,
              <TableHeaderCell
                as="th"
                onClick={[Function]}
                sorted={null}
                width={2}
              >
                Release Date
              </TableHeaderCell>,
            ],
          },
          "ref": null,
          "rendered": Array [
            Object {
              "instance": null,
              "key": undefined,
              "nodeType": "function",
              "props": Object {
                "as": "th",
                "children": "Title",
                "onClick": [Function],
                "sorted": null,
                "width": 4,
              },
              "ref": null,
              "rendered": "Title",
              "type": [Function],
            },
            Object {
              "instance": null,
              "key": undefined,
              "nodeType": "function",
              "props": Object {
                "as": "th",
                "children": "TMDB Rating",
                "onClick": [Function],
                "sorted": null,
                "width": 3,
              },
              "ref": null,
              "rendered": "TMDB Rating",
              "type": [Function],
            },
            Object {
              "instance": null,
              "key": undefined,
              "nodeType": "function",
              "props": Object {
                "as": "th",
                "children": "Release Date",
                "onClick": [Function],
                "sorted": null,
                "width": 2,
              },
              "ref": null,
              "rendered": "Release Date",
              "type": [Function],
            },
          ],
          "type": [Function],
        },
        "type": [Function],
      },
      Object {
        "instance": null,
        "key": undefined,
        "nodeType": "function",
        "props": Object {
          "as": "tbody",
          "children": Array [],
        },
        "ref": null,
        "rendered": Array [],
        "type": [Function],
      },
    ],
    "type": [Function],
  },
  Symbol(enzyme.__nodes__): Array [
    Object {
      "instance": null,
      "key": undefined,
      "nodeType": "function",
      "props": Object {
        "as": "table",
        "children": Array [
          <TableHeader
            as="thead"
          >
            <TableRow
              as="tr"
              cellAs="td"
            >
              <TableHeaderCell
                as="th"
                onClick={[Function]}
                sorted={null}
                width={4}
              >
                Title
              </TableHeaderCell>
              <TableHeaderCell
                as="th"
                onClick={[Function]}
                sorted={null}
                width={3}
              >
                TMDB Rating
              </TableHeaderCell>
              <TableHeaderCell
                as="th"
                onClick={[Function]}
                sorted={null}
                width={2}
              >
                Release Date
              </TableHeaderCell>
            </TableRow>
          </TableHeader>,
          <TableBody
            as="tbody"
          />,
        ],
        "fixed": true,
        "selectable": true,
        "singleLine": true,
        "sortable": true,
        "striped": true,
      },
      "ref": null,
      "rendered": Array [
        Object {
          "instance": null,
          "key": undefined,
          "nodeType": "function",
          "props": Object {
            "as": "thead",
            "children": <TableRow
              as="tr"
              cellAs="td"
            >
              <TableHeaderCell
                as="th"
                onClick={[Function]}
                sorted={null}
                width={4}
              >
                Title
              </TableHeaderCell>
              <TableHeaderCell
                as="th"
                onClick={[Function]}
                sorted={null}
                width={3}
              >
                TMDB Rating
              </TableHeaderCell>
              <TableHeaderCell
                as="th"
                onClick={[Function]}
                sorted={null}
                width={2}
              >
                Release Date
              </TableHeaderCell>
            </TableRow>,
          },
          "ref": null,
          "rendered": Object {
            "instance": null,
            "key": undefined,
            "nodeType": "function",
            "props": Object {
              "as": "tr",
              "cellAs": "td",
              "children": Array [
                <TableHeaderCell
                  as="th"
                  onClick={[Function]}
                  sorted={null}
                  width={4}
                >
                  Title
                </TableHeaderCell>,
                <TableHeaderCell
                  as="th"
                  onClick={[Function]}
                  sorted={null}
                  width={3}
                >
                  TMDB Rating
                </TableHeaderCell>,
                <TableHeaderCell
                  as="th"
                  onClick={[Function]}
                  sorted={null}
                  width={2}
                >
                  Release Date
                </TableHeaderCell>,
              ],
            },
            "ref": null,
            "rendered": Array [
              Object {
                "instance": null,
                "key": undefined,
                "nodeType": "function",
                "props": Object {
                  "as": "th",
                  "children": "Title",
                  "onClick": [Function],
                  "sorted": null,
                  "width": 4,
                },
                "ref": null,
                "rendered": "Title",
                "type": [Function],
              },
              Object {
                "instance": null,
                "key": undefined,
                "nodeType": "function",
                "props": Object {
                  "as": "th",
                  "children": "TMDB Rating",
                  "onClick": [Function],
                  "sorted": null,
                  "width": 3,
                },
                "ref": null,
                "rendered": "TMDB Rating",
                "type": [Function],
              },
              Object {
                "instance": null,
                "key": undefined,
                "nodeType": "function",
                "props": Object {
                  "as": "th",
                  "children": "Release Date",
                  "onClick": [Function],
                  "sorted": null,
                  "width": 2,
                },
                "ref": null,
                "rendered": "Release Date",
                "type": [Function],
              },
            ],
            "type": [Function],
          },
          "type": [Function],
        },
        Object {
          "instance": null,
          "key": undefined,
          "nodeType": "function",
          "props": Object {
            "as": "tbody",
            "children": Array [],
          },
          "ref": null,
          "rendered": Array [],
          "type": [Function],
        },
      ],
      "type": [Function],
    },
  ],
  Symbol(enzyme.__options__): Object {
    "adapter": ReactSixteenAdapter {
      "options": Object {
        "enableComponentDidUpdateOnSetState": true,
      },
    },
  },
}
`;
